Reading Benchmark_2_input.tms
Caching: looking for cached files /home/steve/.python_cache/_file_function[-3462576297556829538]_{Result,Args,Admin}.z
Caching: Dependencies are ['okushiri_auto_validation.sww']
Dependencies ['okushiri_auto_validation.sww'] have changed - recomputing
+-------------------------------------------------------------
| Fri May 18 18:02:03 2012. Evaluating function _file_function
+-------------------------------------------------------------

| Argument:     'okushiri_auto_validation.sww'
| Keyword Args: {'time_limit': None, 'interpolation_points': [[0.0, 1.696], [4.521, 1.196], [4.521, 1.696], [4.521, 2.196]], 'verbose': True, 'domain_starttime': None, 'boundary_polygon': None, 'quantities': 'stage', 'time_thinning': 1, 'output_centroids': False}
| Reason:       Dependencies have changed
+-------------------------------------------------------------

Reading okushiri_auto_validation.sww
File_function data obtained from: okushiri_auto_validation.sww
  References:
    Lower left corner: [0.000000, 0.000000]
    Start time:   0.000000
Calling interpolation function
Interpolation_function: input checks
Interpolation_function: thinning by 1
Interpolation_function: precomputing
Build interpolator
Building interpolation matrix from source mesh (20802 vertices, 41502 triangles)
FitInterpolate: Building mesh
FitInterpolate: Building quad tree
Interpolating (4 interpolation points, 451 timesteps).

  time step 0 of 451
    quantity stage, size=20802
  time step 46 of 451
    quantity stage, size=20802
  time step 92 of 451
    quantity stage, size=20802
  time step 138 of 451
    quantity stage, size=20802
  time step 184 of 451
    quantity stage, size=20802
  time step 230 of 451
    quantity stage, size=20802
  time step 276 of 451
    quantity stage, size=20802
  time step 322 of 451
    quantity stage, size=20802
  time step 368 of 451
    quantity stage, size=20802
  time step 414 of 451
    quantity stage, size=20802
------------------------------------------------
Interpolation_function (spatio-temporal) statistics:
  Extent:
    x in [0.000000, 5.448000], len(x) == 20802
    y in [0.000000, 3.402000], len(y) == 20802
    t in [0.000000, 22.500000], len(t) == 451
  Quantities:
    stage in [-0.024492, 0.126906]
  Interpolation points (xi, eta): number of points == 4
    xi in [0.000000, 4.521000]
    eta in [1.196000, 2.196000]
  Interpolated quantities (over all timesteps):
    stage at interpolation points in [-0.012413, 0.044416]
------------------------------------------------

+-------------------------------------------------------
| Fri May 18 18:02:32 2012. Caching statistics (storing)
+-------------------------------------------------------

| Function:     _file_function
| Argument:     'okushiri_auto_validation.sww'
| Keyword Args: {'time_limit': None, 'interpolation_points': [[0.0, 1.696], [4.521, 1.196], [4.521, 1.696], [4.521, 2.196]], 'verbose': True, 'domain_starttime': None, 'boundary_polygon': None, 'quantities': 'stage', 'time_thinning': 1, 'output_centroids': False}
| Reason:       Dependencies have changed
| CPU time:     29.33 seconds
| Loading time: 0.0 seconds (estimated)
|
| Caching dir:  /home/steve/.python_cache/
| Result file:  _file_function[-3462576297556829538]_Result(351649 bytes)
| Args file:    _file_function[-3462576297556829538]_Args(305 bytes)
| Admin file:   _file_function[-3462576297556829538]_Admin(610 bytes)
|
| Dependencies:  
| okushiri_auto_validation.sww: Fri May 18 18:02:02 2012 113333304 bytes
+-------------------------------------------------------

Precisions used: rtol=1.000000e-02, atol=1.000000e-03

Validating Boundary
Covariance (expected, computed):
  (5.269569575007607815e-05, 5.590176304163566002e-05):
  Relative error=6.084116066642792503e-02
  Absolute error=3.206067291559581869e-06
Accumulated difference (expected, computed):
  (8.350712673810733924e-04, 7.653472646024681806e-04):
  Relative error=8.349467345137095986e-02
  Absolute error=6.972400277860521176e-05
Maximum (expected, computed):
  (1.611749508386188523e-02, 1.692166168017697134e-02):
  Relative error=4.989401840241797226e-02
  Absolute error=8.041665963150861074e-04
Minimum (expected, computed):
  (-1.164547474575844919e-02, -1.241294411712453270e-02):
  Relative error=-6.590279813586935598e-02
  Absolute error=7.674693713660835082e-04
Location of maximum (expected, computed):
  (1.255000000000000071e+01, 1.250000000000000000e+01):
  Relative error=3.984063745019976628e-03
  Absolute error=5.000000000000071054e-02
Location of minimum (expected, computed):
  (2.064999999999999858e+01, 2.060000000000000142e+01):
  Relative error=2.421307506053131404e-03
  Absolute error=4.999999999999715783e-02

Validating ch5
Covariance (expected, computed):
  (1.166277999581819919e-04, 1.207707263025518984e-04):
  Relative error=3.552263136109394537e-02
  Absolute error=4.142926344369906515e-06
Accumulated difference (expected, computed):
  (3.405426180525532483e-03, 3.426510366819313872e-03):
  Relative error=6.191350267509728757e-03
  Absolute error=2.108418629378138939e-05
Maximum (expected, computed):
  (3.551308418158714147e-02, 3.622844205730523653e-02):
  Relative error=2.014350181640924692e-02
  Absolute error=7.153578757180950598e-04
Minimum (expected, computed):
  (-8.664439185502026408e-03, -8.566545557533238389e-03):
  Relative error=-1.129832247337955731e-02
  Absolute error=9.789362796878801898e-05
Location of maximum (expected, computed):
  (1.839999999999999858e+01, 1.835000000000000142e+01):
  Relative error=2.717391304347671621e-03
  Absolute error=4.999999999999715783e-02
Location of minimum (expected, computed):
  (1.459999999999999964e+01, 1.455000000000000071e+01):
  Relative error=3.424657534246502294e-03
  Absolute error=4.999999999999893419e-02

Validating ch7
Covariance (expected, computed):
  (1.127136457890861503e-04, 1.168179794364621808e-04):
  Relative error=3.641381324011298826e-02
  Absolute error=4.104333647376030543e-06
Accumulated difference (expected, computed):
  (2.852870417368218517e-03, 2.868605366831458638e-03):
  Relative error=5.515479906639313319e-03
  Absolute error=1.573494946324012142e-05
Maximum (expected, computed):
  (3.858418457126511908e-02, 4.074672048782244926e-02):
  Relative error=5.604721054978158146e-02
  Absolute error=2.162535916557330185e-03
Minimum (expected, computed):
  (-2.726335488279797541e-03, -2.772579138047224535e-03):
  Relative error=-1.696183392184238622e-02
  Absolute error=4.624364976742699473e-05
Location of maximum (expected, computed):
  (1.700000000000000000e+01, 1.694999999999999929e+01):
  Relative error=2.941176470588276887e-03
  Absolute error=5.000000000000071054e-02

Validating ch9
Covariance (expected, computed):
  (1.250659477418482129e-04, 1.278530003035106182e-04):
  Relative error=2.228466350740995403e-02
  Absolute error=2.787052561662405319e-06
Accumulated difference (expected, computed):
  (3.248778982037564891e-03, 3.415891793780166056e-03):
  Relative error=5.143865208023217644e-02
  Absolute error=1.671128117426011646e-04
Maximum (expected, computed):
  (4.317962986578308127e-02, 4.441624373170362933e-02):
  Relative error=2.863882506089938593e-02
  Absolute error=1.236613865920548061e-03
Minimum (expected, computed):
  (-5.977581218447349659e-03, -5.963913514762151681e-03):
  Relative error=-2.286494015843435531e-03
  Absolute error=1.366770368519797801e-05
Location of maximum (expected, computed):
  (1.685000000000000142e+01, 1.685000000000000142e+01):
  Relative error=0.000000000000000000e+00
  Absolute error=0.000000000000000000e+00
Max runup elevation:  0.0936680808663
Max runup elevation (scaled by 400):  37.4672323465
Max runup location:   [5.1611314, 1.8888974]
OK
